// Jest Snapshot v1, https://goo.gl/fbAQLP

exports[`Pruebas en <FirstApp/> debe de hacer match con el snapshot 1`] = `
<div>
  <h1>
    Hola, soy Fernando
  </h1>
  <h1>
    Soy un subtitulo
  </h1>
</div>
`;
